1rpdaek: 191 comments
1jxig8f: 103 comments
1valsnd: 112 comments
1jp0pvn: 59 comments
1v95kl2: 47 comments
1nbeya6: 55 comments
1umudnb: 44 comments
1qf03xk: 35 comments
1wo3oud: 54 comments
1qvyahc: 41 comments
1mxbmgq: 25 comments
1rzmvbx: 33 comments
1we8w3c: 51 comments
1vjw5fo: 3 comments
1o4b9dl: 107 comments
1tha6ya: 68 comments
1j43bvt: 63 comments
1pjyb43: 76 comments
1ptdgzk: 29 comments
1tl89p3: 39 comments
1iy0jch: 251 comments
1okry5u: 58 comments
1to8e76: 47 comments
1wc9t3i: 49 comments
1vbmdm3: 31 comments
1tmhkoq: 33 comments
1vqvjkh: 95 comments
1ns3nsv: 55 comments
1voe65y: 30 comments
1isv9ux: 299 comments
1lvvaxg: 117 comments
1ku0p15: 29 comments
1ux9pdc: 22 comments
1v4cty0: 19 comments
1k37dp3: 30 comments
1i8swms: 37 comments
