/last30days · researching: business coach worth it small business owner
⏳ [95mProcessing[0m Organizing findings...
[Planner] Plan: intent=opinion, freshness=balanced_recent, cluster_mode=debate, subqueries=3, source=external
[Planner]   sq1 label=primary search="business coach worth it small business owner" sources=[reddit,youtube,hackernews]
[Planner]   sq2 label=mastermind search="mastermind group worth it business owner" sources=[reddit,youtube]
[Planner]   sq3 label=too-busy search="overwhelmed small business owner doing everything myself" sources=[reddit,youtube]
[YouTube] Searching YouTube for 'business coach worth it small business owner' (since 2026-07-03, count=8)
[HN] Searching for 'business coach worth it small business owner' (raw: 'business coach worth it small business owner', since 2026-07-03, count=30)
[YouTube] YouTube search awaiting in-flight query for 'business coach worth it small business owner'
[YouTube] YouTube search awaiting in-flight query for 'business coach worth it small business owner'
[HN] Filtered 25/60 low-engagement stories
[HN] Found 30 stories
[HN] Prefix filter removed 20/30 false-positive hits for 'business coach worth it small business owner'
[RedditSearch] 25 posts (t=year, 6 targeted subs)
[RedditSearch] 25 posts (t=year, 6 targeted subs)
[RedditSearch] 25 posts (t=year, 6 targeted subs)
[YouTube] Found 8 videos (1 within date range, keeping all)
[YouTube] Searching YouTube for 'business coach worth it small business owner review reaction breakdown' (since 2026-07-03, count=8)
[YouTube] YouTube search awaiting in-flight query for 'business coach worth it small business owner review reaction breakdown'
[YouTube] YouTube search awaiting in-flight query for 'business coach worth it small business owner review reaction breakdown'
[YouTube] Found 6 videos (2 within date range, keeping all)
[YouTube] Fetching transcripts for up to 6 videos (target: 2): ['0PbjZ01ObLA', 'HxEQCHpZzHk', 'F84olnKkseM', 'Jcoam1CeAq4', '7dQYLzW-7yU', 'UHfIHjKA_VI']
[YouTube] Fetching transcripts for 6 videos
[YouTube] Fetching transcripts for up to 6 videos (target: 2): ['0PbjZ01ObLA', 'HxEQCHpZzHk', 'F84olnKkseM', 'Jcoam1CeAq4', '7dQYLzW-7yU', 'UHfIHjKA_VI']
[YouTube] Fetching transcripts for 6 videos
[YouTube] Fetching transcripts for up to 6 videos (target: 2): ['0PbjZ01ObLA', 'HxEQCHpZzHk', 'F84olnKkseM', 'Jcoam1CeAq4', '7dQYLzW-7yU', 'UHfIHjKA_VI']
[YouTube] Fetching transcripts for 6 videos
[YouTube] yt-dlp found no captions for 0PbjZ01ObLA, trying direct HTTP fallback
[YouTube] Direct transcript: no caption tracks for 0PbjZ01ObLA
[YouTube] No transcript available for 0PbjZ01ObLA
[RedditKeyless] arctic-shift supplement: 83 new posts from 150 arctic results
[RedditKeyless] Tier 1 (site search) 25 posts; listing discovery 349
[RedditKeyless] arctic-shift supplement: 83 new posts from 150 arctic results
[RedditKeyless] Tier 1 (site search) 25 posts; listing discovery 349
[RedditKeyless] arctic-shift supplement: 83 new posts from 150 arctic results
[RedditKeyless] Tier 1 (site search) 25 posts; listing discovery 349
[YouTube] yt-dlp transcript transient failure for 0PbjZ01ObLA (attempt 1/3): ERROR: [youtube] 0PbjZ01ObLA: Sign in to confirm you’re not a bot. Use --cookies-from-browser or --cookies for the authentication. See  https://github.com/yt-dlp/yt-dlp/wiki/FAQ#how-do-i-pass-cookies-
[RedditKeyless] arctic-shift backfilled 33 post scores
[RedditKeyless] Relevance floor dropped 308 off-topic posts
[RedditKeyless] arctic-shift backfilled 33 post scores
[RedditKeyless] Relevance floor dropped 308 off-topic posts
[RedditKeyless] arctic-shift backfilled 33 post scores
[RedditKeyless] Relevance floor dropped 308 off-topic posts
[YouTube] yt-dlp transcript transient failure for Jcoam1CeAq4 (attempt 1/3): ERROR: [youtube] Jcoam1CeAq4: Sign in to confirm you’re not a bot. Use --cookies-from-browser or --cookies for the authentication. See  https://github.com/yt-dlp/yt-dlp/wiki/FAQ#how-do-i-pass-cookies-
[YouTube] yt-dlp found no captions for 0PbjZ01ObLA, trying direct HTTP fallback
[YouTube] Direct transcript: failed to fetch watch page for 0PbjZ01ObLA: HTTP Error 429: Too Many Requests
[YouTube] No transcript available for 0PbjZ01ObLA
[Reddit] relevance prune dropped 48 of 50 items below the relevance/engagement floor
[Reddit] relevance prune dropped 46 of 50 items below the relevance/engagement floor
[Reddit] relevance prune dropped 46 of 50 items below the relevance/engagement floor
[YouTube] yt-dlp found no captions for UHfIHjKA_VI, trying direct HTTP fallback
[YouTube] No transcript available for UHfIHjKA_VI
[YouTube] Got transcripts for 4/6 videos (2 failed)
[YouTube] Enriching comments for 3 YouTube videos
[YouTube] yt-dlp transcript transient failure for UHfIHjKA_VI (attempt 1/3): ERROR: [youtube] UHfIHjKA_VI: Sign in to confirm you’re not a bot. Use --cookies-from-browser or --cookies for the authentication. See  https://github.com/yt-dlp/yt-dlp/wiki/FAQ#how-do-i-pass-cookies-
[YouTube] yt-dlp found no captions for 0PbjZ01ObLA, trying direct HTTP fallback
[YouTube] yt-dlp found no captions for UHfIHjKA_VI, trying direct HTTP fallback
[YouTube] Direct transcript: no caption tracks for 0PbjZ01ObLA
[YouTube] No transcript available for 0PbjZ01ObLA
[YouTube] Direct transcript: no caption tracks for UHfIHjKA_VI
[YouTube] No transcript available for UHfIHjKA_VI
[YouTube] Got transcripts for 4/6 videos (2 failed)
[YouTube] Enriching comments for 3 YouTube videos
[YouTube] Enriched 2/3 videos with comments
[YouTube] yt-dlp found no captions for UHfIHjKA_VI, trying direct HTTP fallback
[YouTube] Direct transcript: no caption tracks for UHfIHjKA_VI
[YouTube] No transcript available for UHfIHjKA_VI
[YouTube] Got transcripts for 4/6 videos (2 failed)
[YouTube] Enriching comments for 3 YouTube videos
[YouTube] Enriched 2/3 videos with comments
[YouTube] yt-dlp comment fetch failed for F84olnKkseM (exit 1)
[YouTube] Enriched 1/3 videos with comments
[YouTube] Backfilling transcripts for 3 finalized videos (target: 2)
[YouTube] Fetching transcripts for 3 videos
[YouTube] yt-dlp found no captions for UHfIHjKA_VI, trying direct HTTP fallback
[YouTube] Direct transcript: no caption tracks for UHfIHjKA_VI
[YouTube] No transcript available for UHfIHjKA_VI
[YouTube] yt-dlp transcript transient failure for 69eN9vRtWB8 (attempt 1/3): ERROR: Unable to download video subtitles for 'en': HTTP Error 429: Too Many Requests
[YouTube] yt-dlp transcript transient failure for E8Oagqi5CBM (attempt 1/3): ERROR: [youtube] E8Oagqi5CBM: Sign in to confirm you’re not a bot. Use --cookies-from-browser or --cookies for the authentication. See  https://github.com/yt-dlp/yt-dlp/wiki/FAQ#how-do-i-pass-cookies-
[YouTube] yt-dlp transcript transient failure for 69eN9vRtWB8 (attempt 2/3): ERROR: Unable to download video subtitles for 'en': HTTP Error 429: Too Many Requests
[YouTube] yt-dlp transcript failed for 69eN9vRtWB8 (exit 1): ERROR: Unable to download video subtitles for 'en': HTTP Error 429: Too Many Requests
[YouTube] Transcript fetch failed for 69eN9vRtWB8: ERROR: Unable to download video subtitles for 'en': HTTP Error 429: Too Many Requests
[YouTube] No transcript available for 69eN9vRtWB8
[YouTube] Got transcripts for 1/3 videos (2 failed)
✓ Research complete (78.3s) - Reddit: 9 threads, YouTube: 3 videos, HN: 10 stories
[last30days] Saved output to /home/user/thebrimm/research/us-women-founders-growth-coaching/20261001T235023Z-2e8b/raw/business-coach-worth-it-small-business-owner-raw.md
